// Jest Snapshot v1, https://goo.gl/fbAQLP

exports[`The ContentAudit stack matches the snapshot 1`] = `
{
  "Metadata": {
    "gu:cdk:constructs": [
      "GuPolicy",
      "GuGithubActionsRole",
    ],
    "gu:cdk:version": "TEST",
  },
  "Outputs": {
    "GithubActionsRoleGithubActionsRoleArnC13D9654": {
      "Value": {
        "Fn::GetAtt": [
          "GithubActionsRoleF5CC769F",
          "Arn",
        ],
      },
    },
    "OutputRoleArn": {
      "Description": "Role that allows Github Actions to push updates to ECR",
      "Value": {
        "Fn::GetAtt": [
          "GithubActionsRoleF5CC769F",
          "Arn",
        ],
      },
    },
  },
  "Resources": {
    "GithubActionsRoleF5CC769F": {
      "Properties": {
        "AssumeRolePolicyDocument": {
          "Statement": [
            {
              "Action": "sts:AssumeRoleWithWebIdentity",
              "Condition": {
                "StringLike": {
                  "token.actions.githubusercontent.com:sub": "repo:guardian/content-audit:*",
                },
              },
              "Effect": "Allow",
              "Principal": {
                "Federated": {
                  "Fn::Join": [
                    "",
                    [
                      "arn:aws:iam::",
                      {
                        "Ref": "AWS::AccountId",
                      },
                      ":oidc-provider/token.actions.githubusercontent.com",
                    ],
                  ],
                },
              },
            },
          ],
          "Version": "2012-10-17",
        },
        "Tags": [
          {
            "Key": "gu:cdk:version",
            "Value": "TEST",
          },
          {
            "Key": "gu:repo",
            "Value": "guardian/content-audit",
          },
          {
            "Key": "Stack",
            "Value": "content-api",
          },
          {
            "Key": "Stage",
            "Value": "TEST",
          },
        ],
      },
      "Type": "AWS::IAM::Role",
    },
    "PlaywrightRunnerKeyA33930DC": {
      "DeletionPolicy": "Retain",
      "Properties": {
        "KeyPolicy": {
          "Statement": [
            {
              "Action": "kms:*",
              "Effect": "Allow",
              "Principal": {
                "AWS": {
                  "Fn::Join": [
                    "",
                    [
                      "arn:",
                      {
                        "Ref": "AWS::Partition",
                      },
                      ":iam::",
                      {
                        "Ref": "AWS::AccountId",
                      },
                      ":root",
                    ],
                  ],
                },
              },
              "Resource": "*",
            },
          ],
          "Version": "2012-10-17",
        },
        "Tags": [
          {
            "Key": "gu:cdk:version",
            "Value": "TEST",
          },
          {
            "Key": "gu:repo",
            "Value": "guardian/content-audit",
          },
          {
            "Key": "Stack",
            "Value": "content-api",
          },
          {
            "Key": "Stage",
            "Value": "TEST",
          },
        ],
      },
      "Type": "AWS::KMS::Key",
      "UpdateReplacePolicy": "Retain",
    },
    "PlaywrightRunnerRepository0171D4DD": {
      "DeletionPolicy": "Retain",
      "Properties": {
        "EncryptionConfiguration": {
          "EncryptionType": "KMS",
          "KmsKey": {
            "Fn::GetAtt": [
              "PlaywrightRunnerKeyA33930DC",
              "Arn",
            ],
          },
        },
        "ImageScanningConfiguration": {
          "ScanOnPush": true,
        },
        "ImageTagMutability": "IMMUTABLE",
        "LifecyclePolicy": {
          "LifecyclePolicyText": "{"rules":[{"rulePriority":1,"description":"Limit the number of retained images","selection":{"tagStatus":"any","countType":"imageCountMoreThan","countNumber":100},"action":{"type":"expire"}}]}",
        },
        "RepositoryName": "content-audit/playwright-runner",
        "RepositoryPolicyText": {
          "Statement": [
            {
              "Action": [
                "ecr:BatchGetImage",
                "ecr:DeleteRepositoryPolicy",
                "ecr:GetDownloadUrlForLayer",
                "ecr:GetRepositoryPolicy",
                "ecr:SetRepositoryPolicy",
              ],
              "Condition": {
                "StringLike": {
                  "aws:sourceArn": "arn:aws:lambda:eu-west-1:undefined:function:*",
                },
              },
              "Effect": "Allow",
              "Principal": {
                "Service": "lambda.amazonaws.com",
              },
            },
          ],
          "Version": "2012-10-17",
        },
        "Tags": [
          {
            "Key": "gu:cdk:version",
            "Value": "TEST",
          },
          {
            "Key": "gu:repo",
            "Value": "guardian/content-audit",
          },
          {
            "Key": "Stack",
            "Value": "content-api",
          },
          {
            "Key": "Stage",
            "Value": "TEST",
          },
        ],
      },
      "Type": "AWS::ECR::Repository",
      "UpdateReplacePolicy": "Retain",
    },
    "PushUpdatesPolicyEA982ACC": {
      "Properties": {
        "PolicyDocument": {
          "Statement": [
            {
              "Action": [
                "ecr:GetDownloadUrlForLayer",
                "ecr:BatchGetImage",
                "ecr:CompleteLayerUpload",
                "ecr:DescribeImages",
                "ecr:DescribeRepositories",
                "ecr:ListTagsForResource",
                "ecr:UploadLayerPart",
                "ecr:ListImages",
                "ecr:InitiateLayerUpload",
                "ecr:BatchCheckLayerAvailability",
                "ecr:PutImage",
              ],
              "Effect": "Allow",
              "Resource": [
                {
                  "Fn::GetAtt": [
                    "PlaywrightRunnerRepository0171D4DD",
                    "Arn",
                  ],
                },
                {
                  "Fn::Join": [
                    "",
                    [
                      {
                        "Fn::GetAtt": [
                          "PlaywrightRunnerRepository0171D4DD",
                          "Arn",
                        ],
                      },
                      "/*",
                    ],
                  ],
                },
              ],
            },
            {
              "Action": [
                "ecr:DescribeRegistry",
                "ecr:DescribePullThroughCacheRules",
                "ecr:GetAuthorizationToken",
              ],
              "Effect": "Allow",
              "Resource": "*",
            },
          ],
          "Version": "2012-10-17",
        },
        "PolicyName": "PushUpdatesPolicyEA982ACC",
        "Roles": [
          {
            "Ref": "GithubActionsRoleF5CC769F",
          },
        ],
      },
      "Type": "AWS::IAM::Policy",
    },
  },
}
`;
