// Jest Snapshot v1, https://goo.gl/fbAQLP

exports[`The ContentAudit stack matches the snapshot 1`] = `
{
  "Metadata": {
    "gu:cdk:constructs": [
      "GuParameter",
      "GuParameter",
      "GuParameter",
      "GuParameter",
      "GuParameter",
      "GuParameter",
      "GuParameter",
      "GuParameter",
      "GuSecurityGroup",
      "GuDatabaseInstance",
      "GuDistributionBucketParameter",
      "GuLambdaFunction",
      "GuAmiParameter",
      "GuInstanceRole",
      "GuSsmSshPolicy",
      "GuDescribeEC2Policy",
      "GuLoggingStreamNameParameter",
      "GuLogShippingPolicy",
      "GuGetDistributablePolicy",
      "GuParameterStoreReadPolicy",
      "GuHttpsEgressSecurityGroup",
      "GuWazuhAccess",
      "GuAutoScalingGroup",
    ],
    "gu:cdk:version": "TEST",
  },
  "Outputs": {
    "PageRunnerApiEndpoint92746CFA": {
      "Value": {
        "Fn::Join": [
          "",
          [
            "https://",
            {
              "Ref": "PageRunnerApi8C87B2D1",
            },
            ".execute-api.",
            {
              "Ref": "AWS::Region",
            },
            ".",
            {
              "Ref": "AWS::URLSuffix",
            },
            "/",
            {
              "Ref": "PageRunnerApiDeploymentStageprod2CCE9E72",
            },
            "/",
          ],
        ],
      },
    },
  },
  "Parameters": {
    "AMIContentaudit": {
      "Description": "Amazon Machine Image ID for the app content-audit. Use this in conjunction with AMIgo to keep AMIs up to date.",
      "Type": "AWS::EC2::Image::Id",
    },
    "CapiApiKey": {
      "Default": "TEST/content-api/content-audit/capi/key",
      "Description": "CAPI API Key",
      "Type": "AWS::SSM::Parameter::Value<String>",
    },
    "CapiUrl": {
      "Default": "TEST/content-api/content-audit/capi/url",
      "Description": "CAPI URL",
      "Type": "AWS::SSM::Parameter::Value<String>",
    },
    "DistributionBucketName": {
      "Default": "/account/services/artifact.bucket",
      "Description": "SSM parameter containing the S3 bucket name holding distribution artifacts",
      "Type": "AWS::SSM::Parameter::Value<String>",
    },
    "EcrArnParam": {
      "Default": "/INFRA/content-api/content-audit/ecr-arn",
      "Description": "The ECR repository ARN for the stack",
      "Type": "AWS::SSM::Parameter::Value<String>",
    },
    "EcrNameParam": {
      "Default": "/INFRA/content-api/content-audit/ecr-name",
      "Description": "The ECR repository name for the stack",
      "Type": "AWS::SSM::Parameter::Value<String>",
    },
    "ImageTag": {
      "Default": "TEST",
      "Description": "The docker image tag to use. Useful when cloudforming manually - in CI, this is set by BUILD_NUMBER",
      "Type": "String",
    },
    "LoggingStreamName": {
      "Default": "/account/services/logging.stream.name",
      "Description": "SSM parameter containing the Name (not ARN) on the kinesis stream",
      "Type": "AWS::SSM::Parameter::Value<String>",
    },
    "PrivateSubnetsParam": {
      "Default": "/account/vpc/primary/subnets/private",
      "Description": "Private subnets of the deployment VPC",
      "Type": "AWS::SSM::Parameter::Value<List<String>>",
    },
    "PublicSubnetsParam": {
      "Default": "/account/vpc/primary/subnets/public",
      "Description": "Public subnets of the deployment VPC",
      "Type": "AWS::SSM::Parameter::Value<List<String>>",
    },
    "VpcParam": {
      "Default": "/account/vpc/primary/id",
      "Description": "Main account VPC",
      "Type": "AWS::SSM::Parameter::Value<String>",
    },
  },
  "Resources": {
    "CapiQueryLambda1901B709": {
      "DependsOn": [
        "CapiQueryLambdaServiceRoleDefaultPolicy2537C5DB",
        "CapiQueryLambdaServiceRoleF169B1B6",
      ],
      "Properties": {
        "Code": {
          "S3Bucket": {
            "Ref": "DistributionBucketName",
          },
          "S3Key": "content-api/TEST/content-audit/index.js",
        },
        "Environment": {
          "Variables": {
            "APP": "content-audit",
            "CAPI_API_KEY": {
              "Ref": "CapiApiKey",
            },
            "CAPI_URL": {
              "Ref": "CapiUrl",
            },
            "STACK": "content-api",
            "STAGE": "TEST",
          },
        },
        "FunctionName": "capi-query",
        "Handler": "index.handler",
        "LoggingConfig": {
          "LogFormat": "JSON",
        },
        "MemorySize": 128,
        "Role": {
          "Fn::GetAtt": [
            "CapiQueryLambdaServiceRoleF169B1B6",
            "Arn",
          ],
        },
        "Runtime": "nodejs22.x",
        "Tags": [
          {
            "Key": "App",
            "Value": "content-audit",
          },
          {
            "Key": "gu:cdk:version",
            "Value": "TEST",
          },
          {
            "Key": "gu:repo",
            "Value": "guardian/content-audit",
          },
          {
            "Key": "Stack",
            "Value": "content-api",
          },
          {
            "Key": "Stage",
            "Value": "TEST",
          },
        ],
        "Timeout": 30,
        "VpcConfig": {
          "SecurityGroupIds": [
            {
              "Fn::GetAtt": [
                "CapiQueryLambdaSecurityGroup4A4C2F3D",
                "GroupId",
              ],
            },
          ],
          "SubnetIds": {
            "Ref": "PrivateSubnetsParam",
          },
        },
      },
      "Type": "AWS::Lambda::Function",
    },
    "CapiQueryLambdaSecurityGroup4A4C2F3D": {
      "Properties": {
        "GroupDescription": "Automatic security group for Lambda Function ContentAuditCapiQueryLambda80578010",
        "SecurityGroupEgress": [
          {
            "CidrIp": "0.0.0.0/0",
            "Description": "Allow all outbound traffic by default",
            "IpProtocol": "-1",
          },
        ],
        "Tags": [
          {
            "Key": "App",
            "Value": "content-audit",
          },
          {
            "Key": "gu:cdk:version",
            "Value": "TEST",
          },
          {
            "Key": "gu:repo",
            "Value": "guardian/content-audit",
          },
          {
            "Key": "Stack",
            "Value": "content-api",
          },
          {
            "Key": "Stage",
            "Value": "TEST",
          },
        ],
        "VpcId": {
          "Ref": "VpcParam",
        },
      },
      "Type": "AWS::EC2::SecurityGroup",
    },
    "CapiQueryLambdaServiceRoleDefaultPolicy2537C5DB": {
      "Properties": {
        "PolicyDocument": {
          "Statement": [
            {
              "Action": [
                "s3:GetObject*",
                "s3:GetBucket*",
                "s3:List*",
              ],
              "Effect": "Allow",
              "Resource": [
                {
                  "Fn::Join": [
                    "",
                    [
                      "arn:",
                      {
                        "Ref": "AWS::Partition",
                      },
                      ":s3:::",
                      {
                        "Ref": "DistributionBucketName",
                      },
                    ],
                  ],
                },
                {
                  "Fn::Join": [
                    "",
                    [
                      "arn:",
                      {
                        "Ref": "AWS::Partition",
                      },
                      ":s3:::",
                      {
                        "Ref": "DistributionBucketName",
                      },
                      "/content-api/TEST/content-audit/index.js",
                    ],
                  ],
                },
              ],
            },
            {
              "Action": "ssm:GetParametersByPath",
              "Effect": "Allow",
              "Resource": {
                "Fn::Join": [
                  "",
                  [
                    "arn:aws:ssm:",
                    {
                      "Ref": "AWS::Region",
                    },
                    ":",
                    {
                      "Ref": "AWS::AccountId",
                    },
                    ":parameter/TEST/content-api/content-audit",
                  ],
                ],
              },
            },
            {
              "Action": [
                "ssm:GetParameters",
                "ssm:GetParameter",
              ],
              "Effect": "Allow",
              "Resource": {
                "Fn::Join": [
                  "",
                  [
                    "arn:aws:ssm:",
                    {
                      "Ref": "AWS::Region",
                    },
                    ":",
                    {
                      "Ref": "AWS::AccountId",
                    },
                    ":parameter/TEST/content-api/content-audit/*",
                  ],
                ],
              },
            },
          ],
          "Version": "2012-10-17",
        },
        "PolicyName": "CapiQueryLambdaServiceRoleDefaultPolicy2537C5DB",
        "Roles": [
          {
            "Ref": "CapiQueryLambdaServiceRoleF169B1B6",
          },
        ],
      },
      "Type": "AWS::IAM::Policy",
    },
    "CapiQueryLambdaServiceRoleF169B1B6": {
      "Properties": {
        "AssumeRolePolicyDocument": {
          "Statement": [
            {
              "Action": "sts:AssumeRole",
              "Effect": "Allow",
              "Principal": {
                "Service": "lambda.amazonaws.com",
              },
            },
          ],
          "Version": "2012-10-17",
        },
        "ManagedPolicyArns": [
          {
            "Fn::Join": [
              "",
              [
                "arn:",
                {
                  "Ref": "AWS::Partition",
                },
                ":iam::aws:policy/service-role/AWSLambdaBasicExecutionRole",
              ],
            ],
          },
          {
            "Fn::Join": [
              "",
              [
                "arn:",
                {
                  "Ref": "AWS::Partition",
                },
                ":iam::aws:policy/service-role/AWSLambdaVPCAccessExecutionRole",
              ],
            ],
          },
        ],
        "Tags": [
          {
            "Key": "App",
            "Value": "content-audit",
          },
          {
            "Key": "gu:cdk:version",
            "Value": "TEST",
          },
          {
            "Key": "gu:repo",
            "Value": "guardian/content-audit",
          },
          {
            "Key": "Stack",
            "Value": "content-api",
          },
          {
            "Key": "Stage",
            "Value": "TEST",
          },
        ],
      },
      "Type": "AWS::IAM::Role",
    },
    "ContentAuditRuleManagerRDSContentauditSecretA370AA6D2d443b11c74f5499d797acd7bf0b5040": {
      "DeletionPolicy": "Delete",
      "Properties": {
        "Description": {
          "Fn::Join": [
            "",
            [
              "Generated by the CDK for stack: ",
              {
                "Ref": "AWS::StackName",
              },
            ],
          ],
        },
        "GenerateSecretString": {
          "ExcludeCharacters": ",= %+~\`#$&*()|[]{}:;<>?!'/@"\\",
          "GenerateStringKey": "password",
          "PasswordLength": 30,
          "SecretStringTemplate": "{"username":"root"}",
        },
        "Name": "/TEST/content-api/content-audit-credentials-f3b0",
        "Tags": [
          {
            "Key": "App",
            "Value": "content-audit",
          },
          {
            "Key": "devx-backup-enabled",
            "Value": "true",
          },
          {
            "Key": "gu:cdk:version",
            "Value": "TEST",
          },
          {
            "Key": "gu:repo",
            "Value": "guardian/content-audit",
          },
          {
            "Key": "Stack",
            "Value": "content-api",
          },
          {
            "Key": "Stage",
            "Value": "TEST",
          },
        ],
      },
      "Type": "AWS::SecretsManager::Secret",
      "UpdateReplacePolicy": "Delete",
    },
    "ContentAuditStateMachineE5F8FFF7": {
      "DeletionPolicy": "Delete",
      "DependsOn": [
        "ContentAuditStateMachineRoleDefaultPolicyC103FDA4",
        "ContentAuditStateMachineRole4B686A97",
      ],
      "Properties": {
        "DefinitionString": {
          "Fn::Join": [
            "",
            [
              "{"StartAt":"GetNextContentPage","States":{"GetNextContentPage":{"Next":"ProcessItemsInParallel","Retry":[{"ErrorEquals":["Lambda.ClientExecutionTimeoutException","Lambda.ServiceException","Lambda.AWSLambdaException","Lambda.SdkClientException"],"IntervalSeconds":2,"MaxAttempts":6,"BackoffRate":2}],"Type":"Task","OutputPath":"$.Payload","Resource":"arn:",
              {
                "Ref": "AWS::Partition",
              },
              ":states:::lambda:invoke","Parameters":{"FunctionName":"",
              {
                "Fn::GetAtt": [
                  "CapiQueryLambda1901B709",
                  "Arn",
                ],
              },
              "","Payload.$":"$"}},"MorePages":{"Type":"Choice","Choices":[{"Variable":"$.hasMorePages","BooleanEquals":true,"Next":"GetNextContentPage"}],"Default":"Done"},"ProcessItemsInParallel":{"Type":"Map","Next":"MorePages","Parameters":{"id.$":"$$.Map.Item.Value.id","data.$":"$$.Map.Item.Value.data"},"ItemsPath":"$.items","ItemProcessor":{"ProcessorConfig":{"Mode":"INLINE"},"StartAt":"AuditPiece","States":{"AuditPiece":{"End":true,"Retry":[{"ErrorEquals":["Lambda.ClientExecutionTimeoutException","Lambda.ServiceException","Lambda.AWSLambdaException","Lambda.SdkClientException"],"IntervalSeconds":2,"MaxAttempts":6,"BackoffRate":2}],"Type":"Task","OutputPath":"$.Payload","Resource":"arn:",
              {
                "Ref": "AWS::Partition",
              },
              ":states:::lambda:invoke","Parameters":{"FunctionName":"",
              {
                "Fn::GetAtt": [
                  "PageRunnerLambdaB666D245",
                  "Arn",
                ],
              },
              "","Payload.$":"$"}}}},"MaxConcurrency":10},"Done":{"Type":"Succeed"}}}",
            ],
          ],
        },
        "RoleArn": {
          "Fn::GetAtt": [
            "ContentAuditStateMachineRole4B686A97",
            "Arn",
          ],
        },
        "StateMachineName": "content-audit-state-machine-TEST",
        "Tags": [
          {
            "Key": "App",
            "Value": "content-audit",
          },
          {
            "Key": "gu:cdk:version",
            "Value": "TEST",
          },
          {
            "Key": "gu:repo",
            "Value": "guardian/content-audit",
          },
          {
            "Key": "Stack",
            "Value": "content-api",
          },
          {
            "Key": "Stage",
            "Value": "TEST",
          },
        ],
      },
      "Type": "AWS::StepFunctions::StateMachine",
      "UpdateReplacePolicy": "Delete",
    },
    "ContentAuditStateMachineRole4B686A97": {
      "Properties": {
        "AssumeRolePolicyDocument": {
          "Statement": [
            {
              "Action": "sts:AssumeRole",
              "Effect": "Allow",
              "Principal": {
                "Service": "states.amazonaws.com",
              },
            },
          ],
          "Version": "2012-10-17",
        },
        "Tags": [
          {
            "Key": "App",
            "Value": "content-audit",
          },
          {
            "Key": "gu:cdk:version",
            "Value": "TEST",
          },
          {
            "Key": "gu:repo",
            "Value": "guardian/content-audit",
          },
          {
            "Key": "Stack",
            "Value": "content-api",
          },
          {
            "Key": "Stage",
            "Value": "TEST",
          },
        ],
      },
      "Type": "AWS::IAM::Role",
    },
    "ContentAuditStateMachineRoleDefaultPolicyC103FDA4": {
      "Properties": {
        "PolicyDocument": {
          "Statement": [
            {
              "Action": "lambda:InvokeFunction",
              "Effect": "Allow",
              "Resource": [
                {
                  "Fn::GetAtt": [
                    "CapiQueryLambda1901B709",
                    "Arn",
                  ],
                },
                {
                  "Fn::Join": [
                    "",
                    [
                      {
                        "Fn::GetAtt": [
                          "CapiQueryLambda1901B709",
                          "Arn",
                        ],
                      },
                      ":*",
                    ],
                  ],
                },
              ],
            },
            {
              "Action": "lambda:InvokeFunction",
              "Effect": "Allow",
              "Resource": [
                {
                  "Fn::GetAtt": [
                    "PageRunnerLambdaB666D245",
                    "Arn",
                  ],
                },
                {
                  "Fn::Join": [
                    "",
                    [
                      {
                        "Fn::GetAtt": [
                          "PageRunnerLambdaB666D245",
                          "Arn",
                        ],
                      },
                      ":*",
                    ],
                  ],
                },
              ],
            },
          ],
          "Version": "2012-10-17",
        },
        "PolicyName": "ContentAuditStateMachineRoleDefaultPolicyC103FDA4",
        "Roles": [
          {
            "Ref": "ContentAuditStateMachineRole4B686A97",
          },
        ],
      },
      "Type": "AWS::IAM::Policy",
    },
    "DBSecurityGroupContentaudit7865E2CC": {
      "Properties": {
        "GroupDescription": "Allow connection from page-runner lambda to DB",
        "GroupName": "ContentAuditDatabaseSecurityGroupTEST",
        "SecurityGroupEgress": [
          {
            "CidrIp": "0.0.0.0/0",
            "Description": "Allow all outbound traffic by default",
            "IpProtocol": "-1",
          },
        ],
        "Tags": [
          {
            "Key": "App",
            "Value": "content-audit",
          },
          {
            "Key": "gu:cdk:version",
            "Value": "TEST",
          },
          {
            "Key": "gu:repo",
            "Value": "guardian/content-audit",
          },
          {
            "Key": "Stack",
            "Value": "content-api",
          },
          {
            "Key": "Stage",
            "Value": "TEST",
          },
        ],
        "VpcId": {
          "Ref": "VpcParam",
        },
      },
      "Type": "AWS::EC2::SecurityGroup",
    },
    "DatabaseBastionASGContentauditASG906585FE": {
      "Properties": {
        "AutoScalingGroupName": "content-audit-bastion-TEST",
        "LaunchTemplate": {
          "LaunchTemplateId": {
            "Ref": "contentapiTESTcontentauditA4759C5D",
          },
          "Version": {
            "Fn::GetAtt": [
              "contentapiTESTcontentauditA4759C5D",
              "LatestVersionNumber",
            ],
          },
        },
        "MaxSize": "1",
        "MetricsCollection": [
          {
            "Granularity": "1Minute",
            "Metrics": [
              "GroupInServiceInstances",
            ],
          },
        ],
        "MinSize": "0",
        "Tags": [
          {
            "Key": "App",
            "PropagateAtLaunch": true,
            "Value": "content-audit",
          },
          {
            "Key": "gu:cdk:version",
            "PropagateAtLaunch": true,
            "Value": "TEST",
          },
          {
            "Key": "gu:repo",
            "PropagateAtLaunch": true,
            "Value": "guardian/content-audit",
          },
          {
            "Key": "Stack",
            "PropagateAtLaunch": true,
            "Value": "content-api",
          },
          {
            "Key": "Stage",
            "PropagateAtLaunch": true,
            "Value": "TEST",
          },
        ],
        "VPCZoneIdentifier": {
          "Ref": "PrivateSubnetsParam",
        },
      },
      "Type": "AWS::AutoScaling::AutoScalingGroup",
    },
    "DescribeEC2PolicyFF5F9295": {
      "Properties": {
        "PolicyDocument": {
          "Statement": [
            {
              "Action": [
                "autoscaling:DescribeAutoScalingInstances",
                "autoscaling:DescribeAutoScalingGroups",
                "ec2:DescribeTags",
                "ec2:DescribeInstances",
              ],
              "Effect": "Allow",
              "Resource": "*",
            },
          ],
          "Version": "2012-10-17",
        },
        "PolicyName": "describe-ec2-policy",
        "Roles": [
          {
            "Ref": "InstanceRoleContentauditF4A4DCF1",
          },
        ],
      },
      "Type": "AWS::IAM::Policy",
    },
    "GetDistributablePolicyContentaudit7DC415E8": {
      "Properties": {
        "PolicyDocument": {
          "Statement": [
            {
              "Action": "s3:GetObject",
              "Effect": "Allow",
              "Resource": {
                "Fn::Join": [
                  "",
                  [
                    "arn:aws:s3:::",
                    {
                      "Ref": "DistributionBucketName",
                    },
                    "/content-api/TEST/content-audit/*",
                  ],
                ],
              },
            },
          ],
          "Version": "2012-10-17",
        },
        "PolicyName": "GetDistributablePolicyContentaudit7DC415E8",
        "Roles": [
          {
            "Ref": "InstanceRoleContentauditF4A4DCF1",
          },
        ],
      },
      "Type": "AWS::IAM::Policy",
    },
    "GuHttpsEgressSecurityGroupContentaudit4BCD6A70": {
      "Properties": {
        "GroupDescription": "Allow all outbound HTTPS traffic",
        "SecurityGroupEgress": [
          {
            "CidrIp": "0.0.0.0/0",
            "Description": "Allow all outbound HTTPS traffic",
            "FromPort": 443,
            "IpProtocol": "tcp",
            "ToPort": 443,
          },
        ],
        "Tags": [
          {
            "Key": "App",
            "Value": "content-audit",
          },
          {
            "Key": "gu:cdk:version",
            "Value": "TEST",
          },
          {
            "Key": "gu:repo",
            "Value": "guardian/content-audit",
          },
          {
            "Key": "Stack",
            "Value": "content-api",
          },
          {
            "Key": "Stage",
            "Value": "TEST",
          },
        ],
        "VpcId": {
          "Ref": "VpcParam",
        },
      },
      "Type": "AWS::EC2::SecurityGroup",
    },
    "GuLogShippingPolicy981BFE5A": {
      "Properties": {
        "PolicyDocument": {
          "Statement": [
            {
              "Action": [
                "kinesis:Describe*",
                "kinesis:Put*",
              ],
              "Effect": "Allow",
              "Resource": {
                "Fn::Join": [
                  "",
                  [
                    "arn:aws:kinesis:",
                    {
                      "Ref": "AWS::Region",
                    },
                    ":",
                    {
                      "Ref": "AWS::AccountId",
                    },
                    ":stream/",
                    {
                      "Ref": "LoggingStreamName",
                    },
                  ],
                ],
              },
            },
          ],
          "Version": "2012-10-17",
        },
        "PolicyName": "GuLogShippingPolicy981BFE5A",
        "Roles": [
          {
            "Ref": "InstanceRoleContentauditF4A4DCF1",
          },
        ],
      },
      "Type": "AWS::IAM::Policy",
    },
    "InstanceRoleContentauditDefaultPolicyEC69CFAC": {
      "Properties": {
        "PolicyDocument": {
          "Statement": [
            {
              "Action": "rds-db:connect",
              "Effect": "Allow",
              "Resource": {
                "Fn::Join": [
                  "",
                  [
                    "arn:",
                    {
                      "Ref": "AWS::Partition",
                    },
                    ":rds-db:",
                    {
                      "Ref": "AWS::Region",
                    },
                    ":",
                    {
                      "Ref": "AWS::AccountId",
                    },
                    ":dbuser:",
                    {
                      "Fn::Select": [
                        6,
                        {
                          "Fn::Split": [
                            ":",
                            {
                              "Fn::GetAtt": [
                                "RuleManagerRDSContentauditDatabaseProxy9B0898FC",
                                "DBProxyArn",
                              ],
                            },
                          ],
                        },
                      ],
                    },
                    "/{{resolve:secretsmanager:",
                    {
                      "Ref": "RuleManagerRDSContentauditSecretAttachment08AEA541",
                    },
                    ":SecretString:username::}}",
                  ],
                ],
              },
            },
            {
              "Action": "autoscaling:SetDesiredCapacity",
              "Effect": "Allow",
              "Resource": {
                "Fn::Join": [
                  "",
                  [
                    "arn:aws:autoscaling:eu-west-1:",
                    {
                      "Ref": "AWS::AccountId",
                    },
                    ":*/content-audit-bastion-TEST",
                  ],
                ],
              },
            },
          ],
          "Version": "2012-10-17",
        },
        "PolicyName": "InstanceRoleContentauditDefaultPolicyEC69CFAC",
        "Roles": [
          {
            "Ref": "InstanceRoleContentauditF4A4DCF1",
          },
        ],
      },
      "Type": "AWS::IAM::Policy",
    },
    "InstanceRoleContentauditF4A4DCF1": {
      "Properties": {
        "AssumeRolePolicyDocument": {
          "Statement": [
            {
              "Action": "sts:AssumeRole",
              "Effect": "Allow",
              "Principal": {
                "Service": "ec2.amazonaws.com",
              },
            },
          ],
          "Version": "2012-10-17",
        },
        "Path": "/",
        "Tags": [
          {
            "Key": "App",
            "Value": "content-audit",
          },
          {
            "Key": "gu:cdk:version",
            "Value": "TEST",
          },
          {
            "Key": "gu:repo",
            "Value": "guardian/content-audit",
          },
          {
            "Key": "Stack",
            "Value": "content-api",
          },
          {
            "Key": "Stage",
            "Value": "TEST",
          },
        ],
      },
      "Type": "AWS::IAM::Role",
    },
    "PageRunnerApi8C87B2D1": {
      "Properties": {
        "ApiKeySourceType": "HEADER",
        "Name": "PageRunnerApi",
        "Tags": [
          {
            "Key": "App",
            "Value": "content-audit",
          },
          {
            "Key": "gu:cdk:version",
            "Value": "TEST",
          },
          {
            "Key": "gu:repo",
            "Value": "guardian/content-audit",
          },
          {
            "Key": "Stack",
            "Value": "content-api",
          },
          {
            "Key": "Stage",
            "Value": "TEST",
          },
        ],
      },
      "Type": "AWS::ApiGateway::RestApi",
    },
    "PageRunnerApiANYApiPermissionContentAuditPageRunnerApi8282C8F4ANY514EED25": {
      "Properties": {
        "Action": "lambda:InvokeFunction",
        "FunctionName": {
          "Fn::GetAtt": [
            "PageRunnerLambdaB666D245",
            "Arn",
          ],
        },
        "Principal": "apigateway.amazonaws.com",
        "SourceArn": {
          "Fn::Join": [
            "",
            [
              "arn:",
              {
                "Ref": "AWS::Partition",
              },
              ":execute-api:",
              {
                "Ref": "AWS::Region",
              },
              ":",
              {
                "Ref": "AWS::AccountId",
              },
              ":",
              {
                "Ref": "PageRunnerApi8C87B2D1",
              },
              "/",
              {
                "Ref": "PageRunnerApiDeploymentStageprod2CCE9E72",
              },
              "/*/",
            ],
          ],
        },
      },
      "Type": "AWS::Lambda::Permission",
    },
    "PageRunnerApiANYApiPermissionTestContentAuditPageRunnerApi8282C8F4ANY7010F82E": {
      "Properties": {
        "Action": "lambda:InvokeFunction",
        "FunctionName": {
          "Fn::GetAtt": [
            "PageRunnerLambdaB666D245",
            "Arn",
          ],
        },
        "Principal": "apigateway.amazonaws.com",
        "SourceArn": {
          "Fn::Join": [
            "",
            [
              "arn:",
              {
                "Ref": "AWS::Partition",
              },
              ":execute-api:",
              {
                "Ref": "AWS::Region",
              },
              ":",
              {
                "Ref": "AWS::AccountId",
              },
              ":",
              {
                "Ref": "PageRunnerApi8C87B2D1",
              },
              "/test-invoke-stage/*/",
            ],
          ],
        },
      },
      "Type": "AWS::Lambda::Permission",
    },
    "PageRunnerApiANYF683BB54": {
      "Properties": {
        "ApiKeyRequired": true,
        "AuthorizationType": "NONE",
        "HttpMethod": "ANY",
        "Integration": {
          "IntegrationHttpMethod": "POST",
          "Type": "AWS_PROXY",
          "Uri": {
            "Fn::Join": [
              "",
              [
                "arn:",
                {
                  "Ref": "AWS::Partition",
                },
                ":apigateway:",
                {
                  "Ref": "AWS::Region",
                },
                ":lambda:path/2015-03-31/functions/",
                {
                  "Fn::GetAtt": [
                    "PageRunnerLambdaB666D245",
                    "Arn",
                  ],
                },
                "/invocations",
              ],
            ],
          },
        },
        "ResourceId": {
          "Fn::GetAtt": [
            "PageRunnerApi8C87B2D1",
            "RootResourceId",
          ],
        },
        "RestApiId": {
          "Ref": "PageRunnerApi8C87B2D1",
        },
      },
      "Type": "AWS::ApiGateway::Method",
    },
    "PageRunnerApiAccount3AD4C67C": {
      "DeletionPolicy": "Retain",
      "DependsOn": [
        "PageRunnerApi8C87B2D1",
      ],
      "Properties": {
        "CloudWatchRoleArn": {
          "Fn::GetAtt": [
            "PageRunnerApiCloudWatchRole8ADDBD1A",
            "Arn",
          ],
        },
      },
      "Type": "AWS::ApiGateway::Account",
      "UpdateReplacePolicy": "Retain",
    },
    "PageRunnerApiCloudWatchRole8ADDBD1A": {
      "DeletionPolicy": "Retain",
      "Properties": {
        "AssumeRolePolicyDocument": {
          "Statement": [
            {
              "Action": "sts:AssumeRole",
              "Effect": "Allow",
              "Principal": {
                "Service": "apigateway.amazonaws.com",
              },
            },
          ],
          "Version": "2012-10-17",
        },
        "ManagedPolicyArns": [
          {
            "Fn::Join": [
              "",
              [
                "arn:",
                {
                  "Ref": "AWS::Partition",
                },
                ":iam::aws:policy/service-role/AmazonAPIGatewayPushToCloudWatchLogs",
              ],
            ],
          },
        ],
        "Tags": [
          {
            "Key": "App",
            "Value": "content-audit",
          },
          {
            "Key": "gu:cdk:version",
            "Value": "TEST",
          },
          {
            "Key": "gu:repo",
            "Value": "guardian/content-audit",
          },
          {
            "Key": "Stack",
            "Value": "content-api",
          },
          {
            "Key": "Stage",
            "Value": "TEST",
          },
        ],
      },
      "Type": "AWS::IAM::Role",
      "UpdateReplacePolicy": "Retain",
    },
    "PageRunnerApiDeployment246321AA97d24d5fd295754a4269a523f31ebd6e": {
      "DependsOn": [
        "PageRunnerApiproxyANYBEF9D69A",
        "PageRunnerApiproxyC6B39E15",
        "PageRunnerApiANYF683BB54",
      ],
      "Properties": {
        "Description": "Automatically created by the RestApi construct",
        "RestApiId": {
          "Ref": "PageRunnerApi8C87B2D1",
        },
      },
      "Type": "AWS::ApiGateway::Deployment",
    },
    "PageRunnerApiDeploymentStageprod2CCE9E72": {
      "DependsOn": [
        "PageRunnerApiAccount3AD4C67C",
      ],
      "Properties": {
        "DeploymentId": {
          "Ref": "PageRunnerApiDeployment246321AA97d24d5fd295754a4269a523f31ebd6e",
        },
        "RestApiId": {
          "Ref": "PageRunnerApi8C87B2D1",
        },
        "StageName": "prod",
        "Tags": [
          {
            "Key": "App",
            "Value": "content-audit",
          },
          {
            "Key": "gu:cdk:version",
            "Value": "TEST",
          },
          {
            "Key": "gu:repo",
            "Value": "guardian/content-audit",
          },
          {
            "Key": "Stack",
            "Value": "content-api",
          },
          {
            "Key": "Stage",
            "Value": "TEST",
          },
        ],
      },
      "Type": "AWS::ApiGateway::Stage",
    },
    "PageRunnerApiPageRunnerUsagePlan0F862B9C": {
      "Properties": {
        "ApiStages": [
          {
            "ApiId": {
              "Ref": "PageRunnerApi8C87B2D1",
            },
            "Stage": {
              "Ref": "PageRunnerApiDeploymentStageprod2CCE9E72",
            },
            "Throttle": {},
          },
        ],
        "Tags": [
          {
            "Key": "App",
            "Value": "content-audit",
          },
          {
            "Key": "gu:cdk:version",
            "Value": "TEST",
          },
          {
            "Key": "gu:repo",
            "Value": "guardian/content-audit",
          },
          {
            "Key": "Stack",
            "Value": "content-api",
          },
          {
            "Key": "Stage",
            "Value": "TEST",
          },
        ],
        "UsagePlanName": "PageRunnerUsagePlan",
      },
      "Type": "AWS::ApiGateway::UsagePlan",
    },
    "PageRunnerApiproxyANYApiPermissionContentAuditPageRunnerApi8282C8F4ANYproxyFA6D01B8": {
      "Properties": {
        "Action": "lambda:InvokeFunction",
        "FunctionName": {
          "Fn::GetAtt": [
            "PageRunnerLambdaB666D245",
            "Arn",
          ],
        },
        "Principal": "apigateway.amazonaws.com",
        "SourceArn": {
          "Fn::Join": [
            "",
            [
              "arn:",
              {
                "Ref": "AWS::Partition",
              },
              ":execute-api:",
              {
                "Ref": "AWS::Region",
              },
              ":",
              {
                "Ref": "AWS::AccountId",
              },
              ":",
              {
                "Ref": "PageRunnerApi8C87B2D1",
              },
              "/",
              {
                "Ref": "PageRunnerApiDeploymentStageprod2CCE9E72",
              },
              "/*/*",
            ],
          ],
        },
      },
      "Type": "AWS::Lambda::Permission",
    },
    "PageRunnerApiproxyANYApiPermissionTestContentAuditPageRunnerApi8282C8F4ANYproxy5A6A18F2": {
      "Properties": {
        "Action": "lambda:InvokeFunction",
        "FunctionName": {
          "Fn::GetAtt": [
            "PageRunnerLambdaB666D245",
            "Arn",
          ],
        },
        "Principal": "apigateway.amazonaws.com",
        "SourceArn": {
          "Fn::Join": [
            "",
            [
              "arn:",
              {
                "Ref": "AWS::Partition",
              },
              ":execute-api:",
              {
                "Ref": "AWS::Region",
              },
              ":",
              {
                "Ref": "AWS::AccountId",
              },
              ":",
              {
                "Ref": "PageRunnerApi8C87B2D1",
              },
              "/test-invoke-stage/*/*",
            ],
          ],
        },
      },
      "Type": "AWS::Lambda::Permission",
    },
    "PageRunnerApiproxyANYBEF9D69A": {
      "Properties": {
        "ApiKeyRequired": true,
        "AuthorizationType": "NONE",
        "HttpMethod": "ANY",
        "Integration": {
          "IntegrationHttpMethod": "POST",
          "Type": "AWS_PROXY",
          "Uri": {
            "Fn::Join": [
              "",
              [
                "arn:",
                {
                  "Ref": "AWS::Partition",
                },
                ":apigateway:",
                {
                  "Ref": "AWS::Region",
                },
                ":lambda:path/2015-03-31/functions/",
                {
                  "Fn::GetAtt": [
                    "PageRunnerLambdaB666D245",
                    "Arn",
                  ],
                },
                "/invocations",
              ],
            ],
          },
        },
        "ResourceId": {
          "Ref": "PageRunnerApiproxyC6B39E15",
        },
        "RestApiId": {
          "Ref": "PageRunnerApi8C87B2D1",
        },
      },
      "Type": "AWS::ApiGateway::Method",
    },
    "PageRunnerApiproxyC6B39E15": {
      "Properties": {
        "ParentId": {
          "Fn::GetAtt": [
            "PageRunnerApi8C87B2D1",
            "RootResourceId",
          ],
        },
        "PathPart": "{proxy+}",
        "RestApiId": {
          "Ref": "PageRunnerApi8C87B2D1",
        },
      },
      "Type": "AWS::ApiGateway::Resource",
    },
    "PageRunnerLambdaB666D245": {
      "DependsOn": [
        "PageRunnerLambdaServiceRoleDefaultPolicy1094EB2F",
        "PageRunnerLambdaServiceRole689316B6",
      ],
      "Properties": {
        "Architectures": [
          "arm64",
        ],
        "Code": {
          "ImageUri": {
            "Fn::Join": [
              "",
              [
                {
                  "Fn::Select": [
                    4,
                    {
                      "Fn::Split": [
                        ":",
                        {
                          "Ref": "EcrArnParam",
                        },
                      ],
                    },
                  ],
                },
                ".dkr.ecr.",
                {
                  "Fn::Select": [
                    3,
                    {
                      "Fn::Split": [
                        ":",
                        {
                          "Ref": "EcrArnParam",
                        },
                      ],
                    },
                  ],
                },
                ".",
                {
                  "Ref": "AWS::URLSuffix",
                },
                "/",
                {
                  "Ref": "EcrNameParam",
                },
                ":",
                {
                  "Ref": "ImageTag",
                },
              ],
            ],
          },
        },
        "Environment": {
          "Variables": {
            "DB_HOST": {
              "Fn::GetAtt": [
                "RuleManagerRDSContentauditDatabaseProxy9B0898FC",
                "Endpoint",
              ],
            },
            "DB_NAME": "contentaudit",
            "DB_PORT": "5432",
            "DB_USER": "root",
          },
        },
        "FunctionName": "page-runner",
        "MemorySize": 4096,
        "PackageType": "Image",
        "Role": {
          "Fn::GetAtt": [
            "PageRunnerLambdaServiceRole689316B6",
            "Arn",
          ],
        },
        "Tags": [
          {
            "Key": "App",
            "Value": "content-audit",
          },
          {
            "Key": "gu:cdk:version",
            "Value": "TEST",
          },
          {
            "Key": "gu:repo",
            "Value": "guardian/content-audit",
          },
          {
            "Key": "Stack",
            "Value": "content-api",
          },
          {
            "Key": "Stage",
            "Value": "TEST",
          },
        ],
        "Timeout": 60,
        "VpcConfig": {
          "SecurityGroupIds": [
            {
              "Fn::GetAtt": [
                "DBSecurityGroupContentaudit7865E2CC",
                "GroupId",
              ],
            },
          ],
          "SubnetIds": {
            "Ref": "PrivateSubnetsParam",
          },
        },
      },
      "Type": "AWS::Lambda::Function",
    },
    "PageRunnerLambdaServiceRole689316B6": {
      "Properties": {
        "AssumeRolePolicyDocument": {
          "Statement": [
            {
              "Action": "sts:AssumeRole",
              "Effect": "Allow",
              "Principal": {
                "Service": "lambda.amazonaws.com",
              },
            },
          ],
          "Version": "2012-10-17",
        },
        "ManagedPolicyArns": [
          {
            "Fn::Join": [
              "",
              [
                "arn:",
                {
                  "Ref": "AWS::Partition",
                },
                ":iam::aws:policy/service-role/AWSLambdaBasicExecutionRole",
              ],
            ],
          },
          {
            "Fn::Join": [
              "",
              [
                "arn:",
                {
                  "Ref": "AWS::Partition",
                },
                ":iam::aws:policy/service-role/AWSLambdaVPCAccessExecutionRole",
              ],
            ],
          },
        ],
        "Tags": [
          {
            "Key": "App",
            "Value": "content-audit",
          },
          {
            "Key": "gu:cdk:version",
            "Value": "TEST",
          },
          {
            "Key": "gu:repo",
            "Value": "guardian/content-audit",
          },
          {
            "Key": "Stack",
            "Value": "content-api",
          },
          {
            "Key": "Stage",
            "Value": "TEST",
          },
        ],
      },
      "Type": "AWS::IAM::Role",
    },
    "PageRunnerLambdaServiceRoleDefaultPolicy1094EB2F": {
      "Properties": {
        "PolicyDocument": {
          "Statement": [
            {
              "Action": "rds-db:connect",
              "Effect": "Allow",
              "Resource": {
                "Fn::Join": [
                  "",
                  [
                    "arn:",
                    {
                      "Ref": "AWS::Partition",
                    },
                    ":rds-db:",
                    {
                      "Ref": "AWS::Region",
                    },
                    ":",
                    {
                      "Ref": "AWS::AccountId",
                    },
                    ":dbuser:",
                    {
                      "Fn::Select": [
                        6,
                        {
                          "Fn::Split": [
                            ":",
                            {
                              "Fn::GetAtt": [
                                "RuleManagerRDSContentauditDatabaseProxy9B0898FC",
                                "DBProxyArn",
                              ],
                            },
                          ],
                        },
                      ],
                    },
                    "/{{resolve:secretsmanager:",
                    {
                      "Ref": "RuleManagerRDSContentauditSecretAttachment08AEA541",
                    },
                    ":SecretString:username::}}",
                  ],
                ],
              },
            },
          ],
          "Version": "2012-10-17",
        },
        "PolicyName": "PageRunnerLambdaServiceRoleDefaultPolicy1094EB2F",
        "Roles": [
          {
            "Ref": "PageRunnerLambdaServiceRole689316B6",
          },
        ],
      },
      "Type": "AWS::IAM::Policy",
    },
    "ParameterStoreReadContentaudit4C19FDC6": {
      "Properties": {
        "PolicyDocument": {
          "Statement": [
            {
              "Action": "ssm:GetParametersByPath",
              "Effect": "Allow",
              "Resource": {
                "Fn::Join": [
                  "",
                  [
                    "arn:aws:ssm:",
                    {
                      "Ref": "AWS::Region",
                    },
                    ":",
                    {
                      "Ref": "AWS::AccountId",
                    },
                    ":parameter/TEST/content-api/content-audit",
                  ],
                ],
              },
            },
            {
              "Action": [
                "ssm:GetParameters",
                "ssm:GetParameter",
              ],
              "Effect": "Allow",
              "Resource": {
                "Fn::Join": [
                  "",
                  [
                    "arn:aws:ssm:",
                    {
                      "Ref": "AWS::Region",
                    },
                    ":",
                    {
                      "Ref": "AWS::AccountId",
                    },
                    ":parameter/TEST/content-api/content-audit/*",
                  ],
                ],
              },
            },
          ],
          "Version": "2012-10-17",
        },
        "PolicyName": "parameter-store-read-policy",
        "Roles": [
          {
            "Ref": "InstanceRoleContentauditF4A4DCF1",
          },
        ],
      },
      "Type": "AWS::IAM::Policy",
    },
    "RuleManagerRDSContentauditDatabaseProxy9B0898FC": {
      "Properties": {
        "Auth": [
          {
            "AuthScheme": "SECRETS",
            "IAMAuth": "REQUIRED",
            "SecretArn": {
              "Ref": "RuleManagerRDSContentauditSecretAttachment08AEA541",
            },
          },
        ],
        "DBProxyName": "content-audit-proxy-TEST-fb45",
        "EngineFamily": "POSTGRESQL",
        "RequireTLS": true,
        "RoleArn": {
          "Fn::GetAtt": [
            "RuleManagerRDSContentauditDatabaseProxyIAMRoleFAE4FAAC",
            "Arn",
          ],
        },
        "Tags": [
          {
            "Key": "App",
            "Value": "content-audit",
          },
          {
            "Key": "devx-backup-enabled",
            "Value": "true",
          },
          {
            "Key": "gu:cdk:version",
            "Value": "TEST",
          },
          {
            "Key": "gu:repo",
            "Value": "guardian/content-audit",
          },
          {
            "Key": "Stack",
            "Value": "content-api",
          },
          {
            "Key": "Stage",
            "Value": "TEST",
          },
        ],
        "VpcSecurityGroupIds": [
          {
            "Fn::GetAtt": [
              "RuleManagerRDSContentauditDatabaseProxyProxySecurityGroup1DB7BA0E",
              "GroupId",
            ],
          },
        ],
        "VpcSubnetIds": {
          "Ref": "PrivateSubnetsParam",
        },
      },
      "Type": "AWS::RDS::DBProxy",
    },
    "RuleManagerRDSContentauditDatabaseProxyIAMRoleDefaultPolicy131DE0BE": {
      "Properties": {
        "PolicyDocument": {
          "Statement": [
            {
              "Action": [
                "secretsmanager:GetSecretValue",
                "secretsmanager:DescribeSecret",
              ],
              "Effect": "Allow",
              "Resource": {
                "Ref": "RuleManagerRDSContentauditSecretAttachment08AEA541",
              },
            },
          ],
          "Version": "2012-10-17",
        },
        "PolicyName": "RuleManagerRDSContentauditDatabaseProxyIAMRoleDefaultPolicy131DE0BE",
        "Roles": [
          {
            "Ref": "RuleManagerRDSContentauditDatabaseProxyIAMRoleFAE4FAAC",
          },
        ],
      },
      "Type": "AWS::IAM::Policy",
    },
    "RuleManagerRDSContentauditDatabaseProxyIAMRoleFAE4FAAC": {
      "Properties": {
        "AssumeRolePolicyDocument": {
          "Statement": [
            {
              "Action": "sts:AssumeRole",
              "Effect": "Allow",
              "Principal": {
                "Service": "rds.amazonaws.com",
              },
            },
          ],
          "Version": "2012-10-17",
        },
        "Tags": [
          {
            "Key": "App",
            "Value": "content-audit",
          },
          {
            "Key": "devx-backup-enabled",
            "Value": "true",
          },
          {
            "Key": "gu:cdk:version",
            "Value": "TEST",
          },
          {
            "Key": "gu:repo",
            "Value": "guardian/content-audit",
          },
          {
            "Key": "Stack",
            "Value": "content-api",
          },
          {
            "Key": "Stage",
            "Value": "TEST",
          },
        ],
      },
      "Type": "AWS::IAM::Role",
    },
    "RuleManagerRDSContentauditDatabaseProxyProxySecurityGroup1DB7BA0E": {
      "Properties": {
        "GroupDescription": "SecurityGroup for Database Proxy",
        "SecurityGroupEgress": [
          {
            "CidrIp": "0.0.0.0/0",
            "Description": "Allow all outbound traffic by default",
            "IpProtocol": "-1",
          },
        ],
        "Tags": [
          {
            "Key": "App",
            "Value": "content-audit",
          },
          {
            "Key": "devx-backup-enabled",
            "Value": "true",
          },
          {
            "Key": "gu:cdk:version",
            "Value": "TEST",
          },
          {
            "Key": "gu:repo",
            "Value": "guardian/content-audit",
          },
          {
            "Key": "Stack",
            "Value": "content-api",
          },
          {
            "Key": "Stage",
            "Value": "TEST",
          },
        ],
        "VpcId": {
          "Ref": "VpcParam",
        },
      },
      "Type": "AWS::EC2::SecurityGroup",
    },
    "RuleManagerRDSContentauditDatabaseProxyProxyTargetGroup2718BDBF": {
      "Properties": {
        "ConnectionPoolConfigurationInfo": {},
        "DBInstanceIdentifiers": [
          {
            "Ref": "RuleManagerRDSContentauditE35AF1B1",
          },
        ],
        "DBProxyName": {
          "Ref": "RuleManagerRDSContentauditDatabaseProxy9B0898FC",
        },
        "TargetGroupName": "default",
      },
      "Type": "AWS::RDS::DBProxyTargetGroup",
    },
    "RuleManagerRDSContentauditE35AF1B1": {
      "DeletionPolicy": "Snapshot",
      "Properties": {
        "AllocatedStorage": "50",
        "AllowMajorVersionUpgrade": false,
        "AutoMinorVersionUpgrade": true,
        "CopyTagsToSnapshot": true,
        "DBInstanceClass": "db.t4g.micro",
        "DBInstanceIdentifier": "content-audit-db-test",
        "DBName": "contentaudit",
        "DBSubnetGroupName": {
          "Ref": "RuleManagerRDSContentauditSubnetGroup94EB7174",
        },
        "DeleteAutomatedBackups": false,
        "DeletionProtection": true,
        "EnableIAMDatabaseAuthentication": true,
        "Engine": "postgres",
        "EngineVersion": "17",
        "MasterUserPassword": {
          "Fn::Join": [
            "",
            [
              "{{resolve:secretsmanager:",
              {
                "Ref": "ContentAuditRuleManagerRDSContentauditSecretA370AA6D2d443b11c74f5499d797acd7bf0b5040",
              },
              ":SecretString:password::}}",
            ],
          ],
        },
        "MasterUsername": "root",
        "MultiAZ": false,
        "Port": "5432",
        "PreferredMaintenanceWindow": "Mon:06:30-Mon:07:00",
        "PubliclyAccessible": false,
        "StorageEncrypted": true,
        "StorageType": "gp2",
        "Tags": [
          {
            "Key": "App",
            "Value": "content-audit",
          },
          {
            "Key": "devx-backup-enabled",
            "Value": "true",
          },
          {
            "Key": "gu:cdk:version",
            "Value": "TEST",
          },
          {
            "Key": "gu:repo",
            "Value": "guardian/content-audit",
          },
          {
            "Key": "Stack",
            "Value": "content-api",
          },
          {
            "Key": "Stage",
            "Value": "TEST",
          },
        ],
        "VPCSecurityGroups": [
          {
            "Fn::GetAtt": [
              "RuleManagerRDSContentauditSecurityGroup7FAA6EF2",
              "GroupId",
            ],
          },
        ],
      },
      "Type": "AWS::RDS::DBInstance",
      "UpdateReplacePolicy": "Snapshot",
    },
    "RuleManagerRDSContentauditSecretAttachment08AEA541": {
      "Properties": {
        "SecretId": {
          "Ref": "ContentAuditRuleManagerRDSContentauditSecretA370AA6D2d443b11c74f5499d797acd7bf0b5040",
        },
        "TargetId": {
          "Ref": "RuleManagerRDSContentauditE35AF1B1",
        },
        "TargetType": "AWS::RDS::DBInstance",
      },
      "Type": "AWS::SecretsManager::SecretTargetAttachment",
    },
    "RuleManagerRDSContentauditSecurityGroup7FAA6EF2": {
      "Properties": {
        "GroupDescription": "Security group for RuleManagerRDSContentaudit database",
        "SecurityGroupEgress": [
          {
            "CidrIp": "0.0.0.0/0",
            "Description": "Allow all outbound traffic by default",
            "IpProtocol": "-1",
          },
        ],
        "Tags": [
          {
            "Key": "App",
            "Value": "content-audit",
          },
          {
            "Key": "devx-backup-enabled",
            "Value": "true",
          },
          {
            "Key": "gu:cdk:version",
            "Value": "TEST",
          },
          {
            "Key": "gu:repo",
            "Value": "guardian/content-audit",
          },
          {
            "Key": "Stack",
            "Value": "content-api",
          },
          {
            "Key": "Stage",
            "Value": "TEST",
          },
        ],
        "VpcId": {
          "Ref": "VpcParam",
        },
      },
      "Type": "AWS::EC2::SecurityGroup",
    },
    "RuleManagerRDSContentauditSecurityGroupfromContentAuditRuleManagerRDSContentauditDatabaseProxyProxySecurityGroup9BDDC7B2IndirectPort102AE2ED": {
      "Properties": {
        "Description": "Allow connections to the database Instance from the Proxy",
        "FromPort": {
          "Fn::GetAtt": [
            "RuleManagerRDSContentauditE35AF1B1",
            "Endpoint.Port",
          ],
        },
        "GroupId": {
          "Fn::GetAtt": [
            "RuleManagerRDSContentauditSecurityGroup7FAA6EF2",
            "GroupId",
          ],
        },
        "IpProtocol": "tcp",
        "SourceSecurityGroupId": {
          "Fn::GetAtt": [
            "RuleManagerRDSContentauditDatabaseProxyProxySecurityGroup1DB7BA0E",
            "GroupId",
          ],
        },
        "ToPort": {
          "Fn::GetAtt": [
            "RuleManagerRDSContentauditE35AF1B1",
            "Endpoint.Port",
          ],
        },
      },
      "Type": "AWS::EC2::SecurityGroupIngress",
    },
    "RuleManagerRDSContentauditSubnetGroup94EB7174": {
      "Properties": {
        "DBSubnetGroupDescription": "Subnet group for RuleManagerRDSContentaudit database",
        "SubnetIds": {
          "Ref": "PrivateSubnetsParam",
        },
        "Tags": [
          {
            "Key": "App",
            "Value": "content-audit",
          },
          {
            "Key": "devx-backup-enabled",
            "Value": "true",
          },
          {
            "Key": "gu:cdk:version",
            "Value": "TEST",
          },
          {
            "Key": "gu:repo",
            "Value": "guardian/content-audit",
          },
          {
            "Key": "Stack",
            "Value": "content-api",
          },
          {
            "Key": "Stage",
            "Value": "TEST",
          },
        ],
      },
      "Type": "AWS::RDS::DBSubnetGroup",
    },
    "SsmSshPolicy4CFC977E": {
      "Properties": {
        "PolicyDocument": {
          "Statement": [
            {
              "Action": [
                "ec2messages:AcknowledgeMessage",
                "ec2messages:DeleteMessage",
                "ec2messages:FailMessage",
                "ec2messages:GetEndpoint",
                "ec2messages:GetMessages",
                "ec2messages:SendReply",
                "ssm:UpdateInstanceInformation",
                "ssm:ListInstanceAssociations",
                "ssm:DescribeInstanceProperties",
                "ssm:DescribeDocumentParameters",
                "ssmmessages:CreateControlChannel",
                "ssmmessages:CreateDataChannel",
                "ssmmessages:OpenControlChannel",
                "ssmmessages:OpenDataChannel",
              ],
              "Effect": "Allow",
              "Resource": "*",
            },
          ],
          "Version": "2012-10-17",
        },
        "PolicyName": "ssm-ssh-policy",
        "Roles": [
          {
            "Ref": "InstanceRoleContentauditF4A4DCF1",
          },
        ],
      },
      "Type": "AWS::IAM::Policy",
    },
    "WazuhSecurityGroup": {
      "Properties": {
        "GroupDescription": "Allow outbound traffic from wazuh agent to manager",
        "SecurityGroupEgress": [
          {
            "CidrIp": "0.0.0.0/0",
            "Description": "Wazuh event logging",
            "FromPort": 1514,
            "IpProtocol": "tcp",
            "ToPort": 1514,
          },
          {
            "CidrIp": "0.0.0.0/0",
            "Description": "Wazuh agent registration",
            "FromPort": 1515,
            "IpProtocol": "tcp",
            "ToPort": 1515,
          },
        ],
        "Tags": [
          {
            "Key": "App",
            "Value": "content-audit",
          },
          {
            "Key": "gu:cdk:version",
            "Value": "TEST",
          },
          {
            "Key": "gu:repo",
            "Value": "guardian/content-audit",
          },
          {
            "Key": "Stack",
            "Value": "content-api",
          },
          {
            "Key": "Stage",
            "Value": "TEST",
          },
        ],
        "VpcId": {
          "Ref": "VpcParam",
        },
      },
      "Type": "AWS::EC2::SecurityGroup",
    },
    "contentapiTESTcontentauditA4759C5D": {
      "DependsOn": [
        "InstanceRoleContentauditDefaultPolicyEC69CFAC",
        "InstanceRoleContentauditF4A4DCF1",
      ],
      "Properties": {
        "LaunchTemplateData": {
          "IamInstanceProfile": {
            "Arn": {
              "Fn::GetAtt": [
                "contentapiTESTcontentauditProfileA957182F",
                "Arn",
              ],
            },
          },
          "ImageId": {
            "Ref": "AMIContentaudit",
          },
          "InstanceType": "t4g.nano",
          "MetadataOptions": {
            "HttpTokens": "required",
            "InstanceMetadataTags": "enabled",
          },
          "SecurityGroupIds": [
            {
              "Fn::GetAtt": [
                "GuHttpsEgressSecurityGroupContentaudit4BCD6A70",
                "GroupId",
              ],
            },
            {
              "Fn::GetAtt": [
                "WazuhSecurityGroup",
                "GroupId",
              ],
            },
            {
              "Fn::GetAtt": [
                "DBSecurityGroupContentaudit7865E2CC",
                "GroupId",
              ],
            },
          ],
          "TagSpecifications": [
            {
              "ResourceType": "instance",
              "Tags": [
                {
                  "Key": "App",
                  "Value": "content-audit",
                },
                {
                  "Key": "gu:cdk:version",
                  "Value": "TEST",
                },
                {
                  "Key": "gu:repo",
                  "Value": "guardian/content-audit",
                },
                {
                  "Key": "Name",
                  "Value": "ContentAudit/content-api-TEST-content-audit",
                },
                {
                  "Key": "Stack",
                  "Value": "content-api",
                },
                {
                  "Key": "Stage",
                  "Value": "TEST",
                },
              ],
            },
            {
              "ResourceType": "volume",
              "Tags": [
                {
                  "Key": "App",
                  "Value": "content-audit",
                },
                {
                  "Key": "gu:cdk:version",
                  "Value": "TEST",
                },
                {
                  "Key": "gu:repo",
                  "Value": "guardian/content-audit",
                },
                {
                  "Key": "Name",
                  "Value": "ContentAudit/content-api-TEST-content-audit",
                },
                {
                  "Key": "Stack",
                  "Value": "content-api",
                },
                {
                  "Key": "Stage",
                  "Value": "TEST",
                },
              ],
            },
          ],
          "UserData": {
            "Fn::Base64": {
              "Fn::Join": [
                "",
                [
                  "#!/bin/bash
mkdir -p $(dirname '/content-audit/cdk/startup.sh')
aws s3 cp 's3://",
                  {
                    "Ref": "DistributionBucketName",
                  },
                  "/content-api/TEST/content-audit/cdk/startup.sh' '/content-audit/cdk/startup.sh'
bash /content-audit/cdk/startup.sh content-audit-bastion-TEST eu-west-1",
                ],
              ],
            },
          },
        },
        "TagSpecifications": [
          {
            "ResourceType": "launch-template",
            "Tags": [
              {
                "Key": "App",
                "Value": "content-audit",
              },
              {
                "Key": "gu:cdk:version",
                "Value": "TEST",
              },
              {
                "Key": "gu:repo",
                "Value": "guardian/content-audit",
              },
              {
                "Key": "Name",
                "Value": "ContentAudit/content-api-TEST-content-audit",
              },
              {
                "Key": "Stack",
                "Value": "content-api",
              },
              {
                "Key": "Stage",
                "Value": "TEST",
              },
            ],
          },
        ],
      },
      "Type": "AWS::EC2::LaunchTemplate",
    },
    "contentapiTESTcontentauditProfileA957182F": {
      "Properties": {
        "Roles": [
          {
            "Ref": "InstanceRoleContentauditF4A4DCF1",
          },
        ],
      },
      "Type": "AWS::IAM::InstanceProfile",
    },
    "databaseProxySecurityGroupfromIndirectPeer5432453AB7EA": {
      "Properties": {
        "Description": {
          "Fn::Join": [
            "",
            [
              "Allow ContentAuditDatabaseSecurityGroupTEST to connect to the ",
              {
                "Ref": "RuleManagerRDSContentauditDatabaseProxy9B0898FC",
              },
            ],
          ],
        },
        "FromPort": 5432,
        "GroupId": {
          "Fn::Select": [
            0,
            [
              {
                "Fn::GetAtt": [
                  "RuleManagerRDSContentauditDatabaseProxyProxySecurityGroup1DB7BA0E",
                  "GroupId",
                ],
              },
            ],
          ],
        },
        "IpProtocol": "tcp",
        "SourceSecurityGroupId": {
          "Fn::GetAtt": [
            "DBSecurityGroupContentaudit7865E2CC",
            "GroupId",
          ],
        },
        "ToPort": 5432,
      },
      "Type": "AWS::EC2::SecurityGroupIngress",
    },
  },
}
`;
