// Jest Snapshot v1, https://goo.gl/fbAQLP

exports[`The ContentAudit stack matches the snapshot 1`] = `
{
  "Metadata": {
    "gu:cdk:constructs": [],
    "gu:cdk:version": "TEST",
  },
  "Resources": {
    "EcrArnParam81AC1BE5": {
      "Properties": {
        "Name": "/INFRA/content-api/content-audit/ecr-arn",
        "Tags": {
          "App": "content-audit",
          "Stack": "content-api",
          "Stage": "TEST",
          "gu:cdk:version": "TEST",
          "gu:repo": "guardian/content-audit",
        },
        "Type": "String",
        "Value": {
          "Fn::GetAtt": [
            "PlaywrightRunnerRepository0171D4DD",
            "Arn",
          ],
        },
      },
      "Type": "AWS::SSM::Parameter",
    },
    "EcrNameParamD5652E10": {
      "Properties": {
        "Name": "/INFRA/content-api/content-audit/ecr-name",
        "Tags": {
          "App": "content-audit",
          "Stack": "content-api",
          "Stage": "TEST",
          "gu:cdk:version": "TEST",
          "gu:repo": "guardian/content-audit",
        },
        "Type": "String",
        "Value": {
          "Ref": "PlaywrightRunnerRepository0171D4DD",
        },
      },
      "Type": "AWS::SSM::Parameter",
    },
    "PlaywrightRunnerKeyA33930DC": {
      "DeletionPolicy": "Retain",
      "Properties": {
        "KeyPolicy": {
          "Statement": [
            {
              "Action": "kms:*",
              "Effect": "Allow",
              "Principal": {
                "AWS": {
                  "Fn::Join": [
                    "",
                    [
                      "arn:",
                      {
                        "Ref": "AWS::Partition",
                      },
                      ":iam::",
                      {
                        "Ref": "AWS::AccountId",
                      },
                      ":root",
                    ],
                  ],
                },
              },
              "Resource": "*",
            },
          ],
          "Version": "2012-10-17",
        },
        "Tags": [
          {
            "Key": "App",
            "Value": "content-audit",
          },
          {
            "Key": "gu:cdk:version",
            "Value": "TEST",
          },
          {
            "Key": "gu:repo",
            "Value": "guardian/content-audit",
          },
          {
            "Key": "Stack",
            "Value": "content-api",
          },
          {
            "Key": "Stage",
            "Value": "TEST",
          },
        ],
      },
      "Type": "AWS::KMS::Key",
      "UpdateReplacePolicy": "Retain",
    },
    "PlaywrightRunnerRepository0171D4DD": {
      "DeletionPolicy": "Retain",
      "Properties": {
        "EncryptionConfiguration": {
          "EncryptionType": "KMS",
          "KmsKey": {
            "Fn::GetAtt": [
              "PlaywrightRunnerKeyA33930DC",
              "Arn",
            ],
          },
        },
        "ImageScanningConfiguration": {
          "ScanOnPush": true,
        },
        "ImageTagMutability": "IMMUTABLE",
        "LifecyclePolicy": {
          "LifecyclePolicyText": "{"rules":[{"rulePriority":1,"description":"Limit the number of retained images","selection":{"tagStatus":"any","countType":"imageCountMoreThan","countNumber":100},"action":{"type":"expire"}}]}",
        },
        "RepositoryName": "content-audit/playwright-runner",
        "Tags": [
          {
            "Key": "App",
            "Value": "content-audit",
          },
          {
            "Key": "gu:cdk:version",
            "Value": "TEST",
          },
          {
            "Key": "gu:repo",
            "Value": "guardian/content-audit",
          },
          {
            "Key": "Stack",
            "Value": "content-api",
          },
          {
            "Key": "Stage",
            "Value": "TEST",
          },
        ],
      },
      "Type": "AWS::ECR::Repository",
      "UpdateReplacePolicy": "Retain",
    },
  },
}
`;
